// Jest Snapshot v1, https://goo.gl/fbAQLP

exports[`Game should render the component 1`] = `
<DocumentFragment>
  <div
    class="game"
  >
    <div
      class="board"
    >
      <div
        class="header"
      >
        Step: 
        <strong>
          0
        </strong>
      </div>
      <div
        class="tiles"
        style="width: 320px; height: 320px;"
      >
        <div
          class="tile different"
          style="background: rgb(112, 112, 112); width: calc(100% / 2 - 4px); height: calc(100% / 2 - 4px);"
        />
        <div
          class="tile"
          style="background: rgb(51, 51, 51); width: calc(100% / 2 - 4px); height: calc(100% / 2 - 4px);"
        />
        <div
          class="tile"
          style="background: rgb(51, 51, 51); width: calc(100% / 2 - 4px); height: calc(100% / 2 - 4px);"
        />
        <div
          class="tile"
          style="background: rgb(51, 51, 51); width: calc(100% / 2 - 4px); height: calc(100% / 2 - 4px);"
        />
      </div>
    </div>
  </div>
</DocumentFragment>
`;
