// Jest Snapshot v1, https://goo.gl/fbAQLP

exports[`Ranking should render the component 1`] = `
<DocumentFragment>
  <div
    class="ranking"
  >
    <h1
      class="header"
    >
      Hall of fame
    </h1>
    <ol>
      <li>
        <strong>
          Name
        </strong>
        : 24
      </li>
      <li>
        <strong>
          SecondName
        </strong>
        : 16
      </li>
    </ol>
    <button
      class="button"
    >
      New game
    </button>
  </div>
</DocumentFragment>
`;
